// Jest Snapshot v1, https://goo.gl/fbAQLP

exports[`Component: Bar render a matching snapshot 1`] = `
.c0 {
  display: inline-block;
  box-sizing: border-box;
  height: 27px;
  width: 5px;
  border-top: 2px solid;
  border-left: 2px solid;
  border-bottom: 2px solid;
  border-right: 2px solid;
}

<div
  className="sm-gd-12 c0"
  size="sm"
  style={
    Object {
      "color": "red",
    }
  }
/>
`;
